Command: vcs -full64 -sverilog +v2k -ntb_opts uvm -timescale=1ns/1ns +incdir+src/tb/include \
+incdir+src/tb/agent +incdir+src/tb/sequences +incdir+src/tb/env +incdir+src/tb/tests \
+incdir+src/tb/top +incdir+src/design -debug_access+all -cm line+cond+fsm+tgl+branch \
-cm_hier cov_hier.cfg src/tb/include/define.svh src/tb/include/axi_interface.sv src/design/axi_design.sv \
src/tb/top/axi_package.sv src/tb/top/axi_top.sv -l compile.log
                         Chronologic VCS (TM)
      Version Q-2020.03-SP2-8_Full64 -- Mon Sep 21 15:50:09 2026
               Copyright (c) 1991-2020 by Synopsys Inc.
                         ALL RIGHTS RESERVED

This program is proprietary and confidential information of Synopsys Inc.
and may be used and disclosed only as authorized in a license agreement
controlling such use and disclosure.

Parsing design file '/fetools/synopsys/installed_tools/vcs/vcs/Q-2020.03-SP2-8/etc/uvm/uvm_pkg.sv'
Parsing included file '/fetools/synopsys/installed_tools/vcs/vcs/Q-2020.03-SP2-8/etc/uvm/uvm_macros.svh'.
Parsing included file '/fetools/synopsys/installed_tools/vcs/vcs/Q-2020.03-SP2-8/etc/uvm/macros/uvm_version_defines.svh'.
Back to file '/fetools/synopsys/installed_tools/vcs/vcs/Q-2020.03-SP2-8/etc/uvm/uvm_macros.svh'.
Parsing included file '/fetools/synopsys/installed_tools/vcs/vcs/Q-2020.03-SP2-8/etc/uvm/macros/snps_macros.svp'.
Back to file '/fetools/synopsys/installed_tools/vcs/vcs/Q-2020.03-SP2-8/etc/uvm/uvm_macros.svh'.
Parsing included file '/fetools/synopsys/installed_tools/vcs/vcs/Q-2020.03-SP2-8/etc/uvm/macros/uvm_message_defines.svh'.
Back to file '/fetools/synopsys/installed_tools/vcs/vcs/Q-2020.03-SP2-8/etc/uvm/uvm_macros.svh'.
Parsing included file '/fetools/synopsys/installed_tools/vcs/vcs/Q-2020.03-SP2-8/etc/uvm/macros/uvm_phase_defines.svh'.
Back to file '/fetools/synopsys/installed_tools/vcs/vcs/Q-2020.03-SP2-8/etc/uvm/uvm_macros.svh'.
Parsing included file '/fetools/synopsys/installed_tools/vcs/vcs/Q-2020.03-SP2-8/etc/uvm/macros/uvm_object_defines.svh'.
Back to file '/fetools/synopsys/installed_tools/vcs/vcs/Q-2020.03-SP2-8/etc/uvm/uvm_macros.svh'.
Parsing included file '/fetools/synopsys/installed_tools/vcs/vcs/Q-2020.03-SP2-8/etc/uvm/macros/uvm_printer_defines.svh'.
Back to file '/fetools/synopsys/installed_tools/vcs/vcs/Q-2020.03-SP2-8/etc/uvm/uvm_macros.svh'.
Parsing included file '/fetools/synopsys/installed_tools/vcs/vcs/Q-2020.03-SP2-8/etc/uvm/macros/uvm_tlm_defines.svh'.
Parsing included file '/fetools/synopsys/installed_tools/vcs/vcs/Q-2020.03-SP2-8/etc/uvm/tlm1/uvm_tlm_imps.svh'.
Back to file '/fetools/synopsys/installed_tools/vcs/vcs/Q-2020.03-SP2-8/etc/uvm/macros/uvm_tlm_defines.svh'.
Back to file '/fetools/synopsys/installed_tools/vcs/vcs/Q-2020.03-SP2-8/etc/uvm/uvm_macros.svh'.
Parsing included file '/fetools/synopsys/installed_tools/vcs/vcs/Q-2020.03-SP2-8/etc/uvm/macros/uvm_sequence_defines.svh'.
Back to file '/fetools/synopsys/installed_tools/vcs/vcs/Q-2020.03-SP2-8/etc/uvm/uvm_macros.svh'.
Parsing included file '/fetools/synopsys/installed_tools/vcs/vcs/Q-2020.03-SP2-8/etc/uvm/macros/uvm_callback_defines.svh'.
Back to file '/fetools/synopsys/installed_tools/vcs/vcs/Q-2020.03-SP2-8/etc/uvm/uvm_macros.svh'.
Parsing included file '/fetools/synopsys/installed_tools/vcs/vcs/Q-2020.03-SP2-8/etc/uvm/macros/uvm_reg_defines.svh'.
Back to file '/fetools/synopsys/installed_tools/vcs/vcs/Q-2020.03-SP2-8/etc/uvm/uvm_macros.svh'.
Parsing included file '/fetools/synopsys/installed_tools/vcs/vcs/Q-2020.03-SP2-8/etc/uvm/macros/uvm_deprecated_defines.svh'.
Back to file '/fetools/synopsys/installed_tools/vcs/vcs/Q-2020.03-SP2-8/etc/uvm/uvm_macros.svh'.
Back to file '/fetools/synopsys/installed_tools/vcs/vcs/Q-2020.03-SP2-8/etc/uvm/uvm_pkg.sv'.
Parsing included file '/fetools/synopsys/installed_tools/vcs/vcs/Q-2020.03-SP2-8/etc/uvm/directc/uvm_directc.svh'.
Parsing included file '/fetools/synopsys/installed_tools/vcs/vcs/Q-2020.03-SP2-8/etc/uvm/directc/uvm_seed.vh'.
Back to file '/fetools/synopsys/installed_tools/vcs/vcs/Q-2020.03-SP2-8/etc/uvm/directc/uvm_directc.svh'.
Back to file '/fetools/synopsys/installed_tools/vcs/vcs/Q-2020.03-SP2-8/etc/uvm/uvm_pkg.sv'.
Parsing included file '/fetools/synopsys/installed_tools/vcs/vcs/Q-2020.03-SP2-8/etc/uvm/dpi/uvm_dpi.svh'.
Parsing included file '/fetools/synopsys/installed_tools/vcs/vcs/Q-2020.03-SP2-8/etc/uvm/dpi/uvm_hdl.svh'.
Back to file '/fetools/synopsys/installed_tools/vcs/vcs/Q-2020.03-SP2-8/etc/uvm/dpi/uvm_dpi.svh'.
Parsing included file '/fetools/synopsys/installed_tools/vcs/vcs/Q-2020.03-SP2-8/etc/uvm/dpi/uvm_svcmd_dpi.svh'.
Back to file '/fetools/synopsys/installed_tools/vcs/vcs/Q-2020.03-SP2-8/etc/uvm/dpi/uvm_dpi.svh'.
Parsing included file '/fetools/synopsys/installed_tools/vcs/vcs/Q-2020.03-SP2-8/etc/uvm/dpi/uvm_regex.svh'.
Back to file '/fetools/synopsys/installed_tools/vcs/vcs/Q-2020.03-SP2-8/etc/uvm/dpi/uvm_dpi.svh'.
Back to file '/fetools/synopsys/installed_tools/vcs/vcs/Q-2020.03-SP2-8/etc/uvm/uvm_pkg.sv'.
Parsing included file '/fetools/synopsys/installed_tools/vcs/vcs/Q-2020.03-SP2-8/etc/uvm/base/uvm_base.svh'.
Parsing included file '/fetools/synopsys/installed_tools/vcs/vcs/Q-2020.03-SP2-8/etc/uvm/base/uvm_version.svh'.
Back to file '/fetools/synopsys/installed_tools/vcs/vcs/Q-2020.03-SP2-8/etc/uvm/base/uvm_base.svh'.
Parsing included file '/fetools/synopsys/installed_tools/vcs/vcs/Q-2020.03-SP2-8/etc/uvm/base/uvm_object_globals.svh'.
Back to file '/fetools/synopsys/installed_tools/vcs/vcs/Q-2020.03-SP2-8/etc/uvm/base/uvm_base.svh'.
Parsing included file '/fetools/synopsys/installed_tools/vcs/vcs/Q-2020.03-SP2-8/etc/uvm/base/uvm_misc.svh'.
Back to file '/fetools/synopsys/installed_tools/vcs/vcs/Q-2020.03-SP2-8/etc/uvm/base/uvm_base.svh'.
Parsing included file '/fetools/synopsys/installed_tools/vcs/vcs/Q-2020.03-SP2-8/etc/uvm/base/uvm_object.svh'.
Back to file '/fetools/synopsys/installed_tools/vcs/vcs/Q-2020.03-SP2-8/etc/uvm/base/uvm_base.svh'.
Parsing included file '/fetools/synopsys/installed_tools/vcs/vcs/Q-2020.03-SP2-8/etc/uvm/base/uvm_pool.svh'.
Back to file '/fetools/synopsys/installed_tools/vcs/vcs/Q-2020.03-SP2-8/etc/uvm/base/uvm_base.svh'.
Parsing included file '/fetools/synopsys/installed_tools/vcs/vcs/Q-2020.03-SP2-8/etc/uvm/base/uvm_queue.svh'.
Back to file '/fetools/synopsys/installed_tools/vcs/vcs/Q-2020.03-SP2-8/etc/uvm/base/uvm_base.svh'.
Parsing included file '/fetools/synopsys/installed_tools/vcs/vcs/Q-2020.03-SP2-8/etc/uvm/base/uvm_factory.svh'.
Back to file '/fetools/synopsys/installed_tools/vcs/vcs/Q-2020.03-SP2-8/etc/uvm/base/uvm_base.svh'.
Parsing included file '/fetools/synopsys/installed_tools/vcs/vcs/Q-2020.03-SP2-8/etc/uvm/base/uvm_registry.svh'.
Back to file '/fetools/synopsys/installed_tools/vcs/vcs/Q-2020.03-SP2-8/etc/uvm/base/uvm_base.svh'.
Parsing included file '/fetools/synopsys/installed_tools/vcs/vcs/Q-2020.03-SP2-8/etc/uvm/base/uvm_spell_chkr.svh'.
Back to file '/fetools/synopsys/installed_tools/vcs/vcs/Q-2020.03-SP2-8/etc/uvm/base/uvm_base.svh'.
Parsing included file '/fetools/synopsys/installed_tools/vcs/vcs/Q-2020.03-SP2-8/etc/uvm/base/uvm_resource.svh'.
Back to file '/fetools/synopsys/installed_tools/vcs/vcs/Q-2020.03-SP2-8/etc/uvm/base/uvm_base.svh'.
Parsing included file '/fetools/synopsys/installed_tools/vcs/vcs/Q-2020.03-SP2-8/etc/uvm/deprecated/uvm_resource_converter.svh'.
Back to file '/fetools/synopsys/installed_tools/vcs/vcs/Q-2020.03-SP2-8/etc/uvm/base/uvm_base.svh'.
Parsing included file '/fetools/synopsys/installed_tools/vcs/vcs/Q-2020.03-SP2-8/etc/uvm/base/uvm_resource_specializations.svh'.
Back to file '/fetools/synopsys/installed_tools/vcs/vcs/Q-2020.03-SP2-8/etc/uvm/base/uvm_base.svh'.
Parsing included file '/fetools/synopsys/installed_tools/vcs/vcs/Q-2020.03-SP2-8/etc/uvm/base/uvm_resource_db.svh'.
Back to file '/fetools/synopsys/installed_tools/vcs/vcs/Q-2020.03-SP2-8/etc/uvm/base/uvm_base.svh'.
Parsing included file '/fetools/synopsys/installed_tools/vcs/vcs/Q-2020.03-SP2-8/etc/uvm/base/uvm_config_db.svh'.
Back to file '/fetools/synopsys/installed_tools/vcs/vcs/Q-2020.03-SP2-8/etc/uvm/base/uvm_base.svh'.
Parsing included file '/fetools/synopsys/installed_tools/vcs/vcs/Q-2020.03-SP2-8/etc/uvm/base/uvm_printer.svh'.
Back to file '/fetools/synopsys/installed_tools/vcs/vcs/Q-2020.03-SP2-8/etc/uvm/base/uvm_base.svh'.
Parsing included file '/fetools/synopsys/installed_tools/vcs/vcs/Q-2020.03-SP2-8/etc/uvm/base/uvm_comparer.svh'.
Back to file '/fetools/synopsys/installed_tools/vcs/vcs/Q-2020.03-SP2-8/etc/uvm/base/uvm_base.svh'.
Parsing included file '/fetools/synopsys/installed_tools/vcs/vcs/Q-2020.03-SP2-8/etc/uvm/base/uvm_packer.svh'.
Back to file '/fetools/synopsys/installed_tools/vcs/vcs/Q-2020.03-SP2-8/etc/uvm/base/uvm_base.svh'.
Parsing included file '/fetools/synopsys/installed_tools/vcs/vcs/Q-2020.03-SP2-8/etc/uvm/base/uvm_recorder.svh'.
Back to file '/fetools/synopsys/installed_tools/vcs/vcs/Q-2020.03-SP2-8/etc/uvm/base/uvm_base.svh'.
Parsing included file '/fetools/synopsys/installed_tools/vcs/vcs/Q-2020.03-SP2-8/etc/uvm/base/uvm_event_callback.svh'.
Back to file '/fetools/synopsys/installed_tools/vcs/vcs/Q-2020.03-SP2-8/etc/uvm/base/uvm_base.svh'.
Parsing included file '/fetools/synopsys/installed_tools/vcs/vcs/Q-2020.03-SP2-8/etc/uvm/base/uvm_event.svh'.
Back to file '/fetools/synopsys/installed_tools/vcs/vcs/Q-2020.03-SP2-8/etc/uvm/base/uvm_base.svh'.
Parsing included file '/fetools/synopsys/installed_tools/vcs/vcs/Q-2020.03-SP2-8/etc/uvm/base/uvm_barrier.svh'.
Back to file '/fetools/synopsys/installed_tools/vcs/vcs/Q-2020.03-SP2-8/etc/uvm/base/uvm_base.svh'.
Parsing included file '/fetools/synopsys/installed_tools/vcs/vcs/Q-2020.03-SP2-8/etc/uvm/base/uvm_callback.svh'.
Parsing included file '/fetools/synopsys/installed_tools/vcs/vcs/Q-2020.03-SP2-8/etc/uvm/uvm_macros.svh'.
Back to file '/fetools/synopsys/installed_tools/vcs/vcs/Q-2020.03-SP2-8/etc/uvm/base/uvm_callback.svh'.
Back to file '/fetools/synopsys/installed_tools/vcs/vcs/Q-2020.03-SP2-8/etc/uvm/base/uvm_base.svh'.
Parsing included file '/fetools/synopsys/installed_tools/vcs/vcs/Q-2020.03-SP2-8/etc/uvm/base/uvm_report_catcher.svh'.
Back to file '/fetools/synopsys/installed_tools/vcs/vcs/Q-2020.03-SP2-8/etc/uvm/base/uvm_base.svh'.
Parsing included file '/fetools/synopsys/installed_tools/vcs/vcs/Q-2020.03-SP2-8/etc/uvm/base/uvm_report_server.svh'.
Back to file '/fetools/synopsys/installed_tools/vcs/vcs/Q-2020.03-SP2-8/etc/uvm/base/uvm_base.svh'.
Parsing included file '/fetools/synopsys/installed_tools/vcs/vcs/Q-2020.03-SP2-8/etc/uvm/base/uvm_report_handler.svh'.
Back to file '/fetools/synopsys/installed_tools/vcs/vcs/Q-2020.03-SP2-8/etc/uvm/base/uvm_base.svh'.
Parsing included file '/fetools/synopsys/installed_tools/vcs/vcs/Q-2020.03-SP2-8/etc/uvm/base/uvm_report_object.svh'.
Back to file '/fetools/synopsys/installed_tools/vcs/vcs/Q-2020.03-SP2-8/etc/uvm/base/uvm_base.svh'.
Parsing included file '/fetools/synopsys/installed_tools/vcs/vcs/Q-2020.03-SP2-8/etc/uvm/base/uvm_transaction.svh'.
Back to file '/fetools/synopsys/installed_tools/vcs/vcs/Q-2020.03-SP2-8/etc/uvm/base/uvm_base.svh'.
Parsing included file '/fetools/synopsys/installed_tools/vcs/vcs/Q-2020.03-SP2-8/etc/uvm/base/uvm_phase.svh'.
Back to file '/fetools/synopsys/installed_tools/vcs/vcs/Q-2020.03-SP2-8/etc/uvm/base/uvm_base.svh'.
Parsing included file '/fetools/synopsys/installed_tools/vcs/vcs/Q-2020.03-SP2-8/etc/uvm/base/uvm_domain.svh'.
Back to file '/fetools/synopsys/installed_tools/vcs/vcs/Q-2020.03-SP2-8/etc/uvm/base/uvm_base.svh'.
Parsing included file '/fetools/synopsys/installed_tools/vcs/vcs/Q-2020.03-SP2-8/etc/uvm/base/uvm_bottomup_phase.svh'.
Back to file '/fetools/synopsys/installed_tools/vcs/vcs/Q-2020.03-SP2-8/etc/uvm/base/uvm_base.svh'.
Parsing included file '/fetools/synopsys/installed_tools/vcs/vcs/Q-2020.03-SP2-8/etc/uvm/base/uvm_topdown_phase.svh'.
Back to file '/fetools/synopsys/installed_tools/vcs/vcs/Q-2020.03-SP2-8/etc/uvm/base/uvm_base.svh'.
Parsing included file '/fetools/synopsys/installed_tools/vcs/vcs/Q-2020.03-SP2-8/etc/uvm/base/uvm_task_phase.svh'.
Back to file '/fetools/synopsys/installed_tools/vcs/vcs/Q-2020.03-SP2-8/etc/uvm/base/uvm_base.svh'.
Parsing included file '/fetools/synopsys/installed_tools/vcs/vcs/Q-2020.03-SP2-8/etc/uvm/base/uvm_common_phases.svh'.
Back to file '/fetools/synopsys/installed_tools/vcs/vcs/Q-2020.03-SP2-8/etc/uvm/base/uvm_base.svh'.
Parsing included file '/fetools/synopsys/installed_tools/vcs/vcs/Q-2020.03-SP2-8/etc/uvm/base/uvm_runtime_phases.svh'.
Back to file '/fetools/synopsys/installed_tools/vcs/vcs/Q-2020.03-SP2-8/etc/uvm/base/uvm_base.svh'.
Parsing included file '/fetools/synopsys/installed_tools/vcs/vcs/Q-2020.03-SP2-8/etc/uvm/base/uvm_component.svh'.
Parsing included file '/fetools/synopsys/installed_tools/vcs/vcs/Q-2020.03-SP2-8/etc/uvm/base/uvm_root.svh'.
Back to file '/fetools/synopsys/installed_tools/vcs/vcs/Q-2020.03-SP2-8/etc/uvm/base/uvm_component.svh'.
Back to file '/fetools/synopsys/installed_tools/vcs/vcs/Q-2020.03-SP2-8/etc/uvm/base/uvm_base.svh'.
Parsing included file '/fetools/synopsys/installed_tools/vcs/vcs/Q-2020.03-SP2-8/etc/uvm/base/uvm_objection.svh'.
Back to file '/fetools/synopsys/installed_tools/vcs/vcs/Q-2020.03-SP2-8/etc/uvm/base/uvm_base.svh'.
Parsing included file '/fetools/synopsys/installed_tools/vcs/vcs/Q-2020.03-SP2-8/etc/uvm/base/uvm_heartbeat.svh'.
Back to file '/fetools/synopsys/installed_tools/vcs/vcs/Q-2020.03-SP2-8/etc/uvm/base/uvm_base.svh'.
Parsing included file '/fetools/synopsys/installed_tools/vcs/vcs/Q-2020.03-SP2-8/etc/uvm/base/uvm_globals.svh'.
Back to file '/fetools/synopsys/installed_tools/vcs/vcs/Q-2020.03-SP2-8/etc/uvm/base/uvm_base.svh'.
Parsing included file '/fetools/synopsys/installed_tools/vcs/vcs/Q-2020.03-SP2-8/etc/uvm/base/uvm_cmdline_processor.svh'.
Back to file '/fetools/synopsys/installed_tools/vcs/vcs/Q-2020.03-SP2-8/etc/uvm/base/uvm_base.svh'.
Back to file '/fetools/synopsys/installed_tools/vcs/vcs/Q-2020.03-SP2-8/etc/uvm/uvm_pkg.sv'.
Parsing included file '/fetools/synopsys/installed_tools/vcs/vcs/Q-2020.03-SP2-8/etc/uvm/tlm1/uvm_tlm.svh'.
Parsing included file '/fetools/synopsys/installed_tools/vcs/vcs/Q-2020.03-SP2-8/etc/uvm/tlm1/uvm_tlm_ifs.svh'.
Back to file '/fetools/synopsys/installed_tools/vcs/vcs/Q-2020.03-SP2-8/etc/uvm/tlm1/uvm_tlm.svh'.
Parsing included file '/fetools/synopsys/installed_tools/vcs/vcs/Q-2020.03-SP2-8/etc/uvm/tlm1/uvm_sqr_ifs.svh'.
Back to file '/fetools/synopsys/installed_tools/vcs/vcs/Q-2020.03-SP2-8/etc/uvm/tlm1/uvm_tlm.svh'.
Parsing included file '/fetools/synopsys/installed_tools/vcs/vcs/Q-2020.03-SP2-8/etc/uvm/base/uvm_port_base.svh'.
Back to file '/fetools/synopsys/installed_tools/vcs/vcs/Q-2020.03-SP2-8/etc/uvm/tlm1/uvm_tlm.svh'.
Parsing included file '/fetools/synopsys/installed_tools/vcs/vcs/Q-2020.03-SP2-8/etc/uvm/tlm1/uvm_tlm_imps.svh'.
Back to file '/fetools/synopsys/installed_tools/vcs/vcs/Q-2020.03-SP2-8/etc/uvm/tlm1/uvm_tlm.svh'.
Parsing included file '/fetools/synopsys/installed_tools/vcs/vcs/Q-2020.03-SP2-8/etc/uvm/tlm1/uvm_imps.svh'.
Back to file '/fetools/synopsys/installed_tools/vcs/vcs/Q-2020.03-SP2-8/etc/uvm/tlm1/uvm_tlm.svh'.
Parsing included file '/fetools/synopsys/installed_tools/vcs/vcs/Q-2020.03-SP2-8/etc/uvm/tlm1/uvm_ports.svh'.
Back to file '/fetools/synopsys/installed_tools/vcs/vcs/Q-2020.03-SP2-8/etc/uvm/tlm1/uvm_tlm.svh'.
Parsing included file '/fetools/synopsys/installed_tools/vcs/vcs/Q-2020.03-SP2-8/etc/uvm/tlm1/uvm_exports.svh'.
Back to file '/fetools/synopsys/installed_tools/vcs/vcs/Q-2020.03-SP2-8/etc/uvm/tlm1/uvm_tlm.svh'.
Parsing included file '/fetools/synopsys/installed_tools/vcs/vcs/Q-2020.03-SP2-8/etc/uvm/tlm1/uvm_analysis_port.svh'.
Back to file '/fetools/synopsys/installed_tools/vcs/vcs/Q-2020.03-SP2-8/etc/uvm/tlm1/uvm_tlm.svh'.
Parsing included file '/fetools/synopsys/installed_tools/vcs/vcs/Q-2020.03-SP2-8/etc/uvm/tlm1/uvm_tlm_fifo_base.svh'.
Back to file '/fetools/synopsys/installed_tools/vcs/vcs/Q-2020.03-SP2-8/etc/uvm/tlm1/uvm_tlm.svh'.
Parsing included file '/fetools/synopsys/installed_tools/vcs/vcs/Q-2020.03-SP2-8/etc/uvm/tlm1/uvm_tlm_fifos.svh'.
Back to file '/fetools/synopsys/installed_tools/vcs/vcs/Q-2020.03-SP2-8/etc/uvm/tlm1/uvm_tlm.svh'.
Parsing included file '/fetools/synopsys/installed_tools/vcs/vcs/Q-2020.03-SP2-8/etc/uvm/tlm1/uvm_tlm_req_rsp.svh'.
Back to file '/fetools/synopsys/installed_tools/vcs/vcs/Q-2020.03-SP2-8/etc/uvm/tlm1/uvm_tlm.svh'.
Parsing included file '/fetools/synopsys/installed_tools/vcs/vcs/Q-2020.03-SP2-8/etc/uvm/tlm1/uvm_sqr_connections.svh'.
Back to file '/fetools/synopsys/installed_tools/vcs/vcs/Q-2020.03-SP2-8/etc/uvm/tlm1/uvm_tlm.svh'.
Back to file '/fetools/synopsys/installed_tools/vcs/vcs/Q-2020.03-SP2-8/etc/uvm/uvm_pkg.sv'.
Parsing included file '/fetools/synopsys/installed_tools/vcs/vcs/Q-2020.03-SP2-8/etc/uvm/comps/uvm_comps.svh'.
Parsing included file '/fetools/synopsys/installed_tools/vcs/vcs/Q-2020.03-SP2-8/etc/uvm/comps/uvm_pair.svh'.
Back to file '/fetools/synopsys/installed_tools/vcs/vcs/Q-2020.03-SP2-8/etc/uvm/comps/uvm_comps.svh'.
Parsing included file '/fetools/synopsys/installed_tools/vcs/vcs/Q-2020.03-SP2-8/etc/uvm/comps/uvm_policies.svh'.
Back to file '/fetools/synopsys/installed_tools/vcs/vcs/Q-2020.03-SP2-8/etc/uvm/comps/uvm_comps.svh'.
Parsing included file '/fetools/synopsys/installed_tools/vcs/vcs/Q-2020.03-SP2-8/etc/uvm/comps/uvm_in_order_comparator.svh'.
Back to file '/fetools/synopsys/installed_tools/vcs/vcs/Q-2020.03-SP2-8/etc/uvm/comps/uvm_comps.svh'.
Parsing included file '/fetools/synopsys/installed_tools/vcs/vcs/Q-2020.03-SP2-8/etc/uvm/comps/uvm_algorithmic_comparator.svh'.
Back to file '/fetools/synopsys/installed_tools/vcs/vcs/Q-2020.03-SP2-8/etc/uvm/comps/uvm_comps.svh'.
Parsing included file '/fetools/synopsys/installed_tools/vcs/vcs/Q-2020.03-SP2-8/etc/uvm/comps/uvm_random_stimulus.svh'.
Back to file '/fetools/synopsys/installed_tools/vcs/vcs/Q-2020.03-SP2-8/etc/uvm/comps/uvm_comps.svh'.
Parsing included file '/fetools/synopsys/installed_tools/vcs/vcs/Q-2020.03-SP2-8/etc/uvm/comps/uvm_subscriber.svh'.
Back to file '/fetools/synopsys/installed_tools/vcs/vcs/Q-2020.03-SP2-8/etc/uvm/comps/uvm_comps.svh'.
Parsing included file '/fetools/synopsys/installed_tools/vcs/vcs/Q-2020.03-SP2-8/etc/uvm/comps/uvm_monitor.svh'.
Back to file '/fetools/synopsys/installed_tools/vcs/vcs/Q-2020.03-SP2-8/etc/uvm/comps/uvm_comps.svh'.
Parsing included file '/fetools/synopsys/installed_tools/vcs/vcs/Q-2020.03-SP2-8/etc/uvm/comps/uvm_driver.svh'.
Back to file '/fetools/synopsys/installed_tools/vcs/vcs/Q-2020.03-SP2-8/etc/uvm/comps/uvm_comps.svh'.
Parsing included file '/fetools/synopsys/installed_tools/vcs/vcs/Q-2020.03-SP2-8/etc/uvm/comps/uvm_push_driver.svh'.
Back to file '/fetools/synopsys/installed_tools/vcs/vcs/Q-2020.03-SP2-8/etc/uvm/comps/uvm_comps.svh'.
Parsing included file '/fetools/synopsys/installed_tools/vcs/vcs/Q-2020.03-SP2-8/etc/uvm/comps/uvm_scoreboard.svh'.
Back to file '/fetools/synopsys/installed_tools/vcs/vcs/Q-2020.03-SP2-8/etc/uvm/comps/uvm_comps.svh'.
Parsing included file '/fetools/synopsys/installed_tools/vcs/vcs/Q-2020.03-SP2-8/etc/uvm/comps/uvm_agent.svh'.
Back to file '/fetools/synopsys/installed_tools/vcs/vcs/Q-2020.03-SP2-8/etc/uvm/comps/uvm_comps.svh'.
Parsing included file '/fetools/synopsys/installed_tools/vcs/vcs/Q-2020.03-SP2-8/etc/uvm/comps/uvm_env.svh'.
Back to file '/fetools/synopsys/installed_tools/vcs/vcs/Q-2020.03-SP2-8/etc/uvm/comps/uvm_comps.svh'.
Parsing included file '/fetools/synopsys/installed_tools/vcs/vcs/Q-2020.03-SP2-8/etc/uvm/comps/uvm_test.svh'.
Back to file '/fetools/synopsys/installed_tools/vcs/vcs/Q-2020.03-SP2-8/etc/uvm/comps/uvm_comps.svh'.
Back to file '/fetools/synopsys/installed_tools/vcs/vcs/Q-2020.03-SP2-8/etc/uvm/uvm_pkg.sv'.
Parsing included file '/fetools/synopsys/installed_tools/vcs/vcs/Q-2020.03-SP2-8/etc/uvm/seq/uvm_seq.svh'.
Parsing included file '/fetools/synopsys/installed_tools/vcs/vcs/Q-2020.03-SP2-8/etc/uvm/seq/uvm_sequence_item.svh'.
Back to file '/fetools/synopsys/installed_tools/vcs/vcs/Q-2020.03-SP2-8/etc/uvm/seq/uvm_seq.svh'.
Parsing included file '/fetools/synopsys/installed_tools/vcs/vcs/Q-2020.03-SP2-8/etc/uvm/seq/uvm_sequencer_base.svh'.
Back to file '/fetools/synopsys/installed_tools/vcs/vcs/Q-2020.03-SP2-8/etc/uvm/seq/uvm_seq.svh'.
Parsing included file '/fetools/synopsys/installed_tools/vcs/vcs/Q-2020.03-SP2-8/etc/uvm/seq/uvm_sequencer_analysis_fifo.svh'.
Back to file '/fetools/synopsys/installed_tools/vcs/vcs/Q-2020.03-SP2-8/etc/uvm/seq/uvm_seq.svh'.
Parsing included file '/fetools/synopsys/installed_tools/vcs/vcs/Q-2020.03-SP2-8/etc/uvm/seq/uvm_sequencer_param_base.svh'.
Back to file '/fetools/synopsys/installed_tools/vcs/vcs/Q-2020.03-SP2-8/etc/uvm/seq/uvm_seq.svh'.
Parsing included file '/fetools/synopsys/installed_tools/vcs/vcs/Q-2020.03-SP2-8/etc/uvm/seq/uvm_sequencer.svh'.
Back to file '/fetools/synopsys/installed_tools/vcs/vcs/Q-2020.03-SP2-8/etc/uvm/seq/uvm_seq.svh'.
Parsing included file '/fetools/synopsys/installed_tools/vcs/vcs/Q-2020.03-SP2-8/etc/uvm/seq/uvm_push_sequencer.svh'.
Back to file '/fetools/synopsys/installed_tools/vcs/vcs/Q-2020.03-SP2-8/etc/uvm/seq/uvm_seq.svh'.
Parsing included file '/fetools/synopsys/installed_tools/vcs/vcs/Q-2020.03-SP2-8/etc/uvm/seq/uvm_sequence_base.svh'.
Back to file '/fetools/synopsys/installed_tools/vcs/vcs/Q-2020.03-SP2-8/etc/uvm/seq/uvm_seq.svh'.
Parsing included file '/fetools/synopsys/installed_tools/vcs/vcs/Q-2020.03-SP2-8/etc/uvm/seq/uvm_sequence.svh'.
Back to file '/fetools/synopsys/installed_tools/vcs/vcs/Q-2020.03-SP2-8/etc/uvm/seq/uvm_seq.svh'.
Parsing included file '/fetools/synopsys/installed_tools/vcs/vcs/Q-2020.03-SP2-8/etc/uvm/seq/uvm_sequence_library.svh'.
Back to file '/fetools/synopsys/installed_tools/vcs/vcs/Q-2020.03-SP2-8/etc/uvm/seq/uvm_seq.svh'.
Parsing included file '/fetools/synopsys/installed_tools/vcs/vcs/Q-2020.03-SP2-8/etc/uvm/seq/uvm_sequence_builtin.svh'.
Back to file '/fetools/synopsys/installed_tools/vcs/vcs/Q-2020.03-SP2-8/etc/uvm/seq/uvm_seq.svh'.
Back to file '/fetools/synopsys/installed_tools/vcs/vcs/Q-2020.03-SP2-8/etc/uvm/uvm_pkg.sv'.
Parsing included file '/fetools/synopsys/installed_tools/vcs/vcs/Q-2020.03-SP2-8/etc/uvm/tlm2/uvm_tlm2.svh'.
Parsing included file '/fetools/synopsys/installed_tools/vcs/vcs/Q-2020.03-SP2-8/etc/uvm/tlm2/uvm_tlm2_defines.svh'.
Back to file '/fetools/synopsys/installed_tools/vcs/vcs/Q-2020.03-SP2-8/etc/uvm/tlm2/uvm_tlm2.svh'.
Parsing included file '/fetools/synopsys/installed_tools/vcs/vcs/Q-2020.03-SP2-8/etc/uvm/tlm2/uvm_tlm2_time.svh'.
Back to file '/fetools/synopsys/installed_tools/vcs/vcs/Q-2020.03-SP2-8/etc/uvm/tlm2/uvm_tlm2.svh'.
Parsing included file '/fetools/synopsys/installed_tools/vcs/vcs/Q-2020.03-SP2-8/etc/uvm/tlm2/uvm_tlm2_generic_payload.svh'.
Back to file '/fetools/synopsys/installed_tools/vcs/vcs/Q-2020.03-SP2-8/etc/uvm/tlm2/uvm_tlm2.svh'.
Parsing included file '/fetools/synopsys/installed_tools/vcs/vcs/Q-2020.03-SP2-8/etc/uvm/tlm2/uvm_tlm2_ifs.svh'.
Back to file '/fetools/synopsys/installed_tools/vcs/vcs/Q-2020.03-SP2-8/etc/uvm/tlm2/uvm_tlm2.svh'.
Parsing included file '/fetools/synopsys/installed_tools/vcs/vcs/Q-2020.03-SP2-8/etc/uvm/tlm2/uvm_tlm2_imps.svh'.
Back to file '/fetools/synopsys/installed_tools/vcs/vcs/Q-2020.03-SP2-8/etc/uvm/tlm2/uvm_tlm2.svh'.
Parsing included file '/fetools/synopsys/installed_tools/vcs/vcs/Q-2020.03-SP2-8/etc/uvm/tlm2/uvm_tlm2_ports.svh'.
Back to file '/fetools/synopsys/installed_tools/vcs/vcs/Q-2020.03-SP2-8/etc/uvm/tlm2/uvm_tlm2.svh'.
Parsing included file '/fetools/synopsys/installed_tools/vcs/vcs/Q-2020.03-SP2-8/etc/uvm/tlm2/uvm_tlm2_exports.svh'.
Back to file '/fetools/synopsys/installed_tools/vcs/vcs/Q-2020.03-SP2-8/etc/uvm/tlm2/uvm_tlm2.svh'.
Parsing included file '/fetools/synopsys/installed_tools/vcs/vcs/Q-2020.03-SP2-8/etc/uvm/tlm2/uvm_tlm2_sockets_base.svh'.
Back to file '/fetools/synopsys/installed_tools/vcs/vcs/Q-2020.03-SP2-8/etc/uvm/tlm2/uvm_tlm2.svh'.
Parsing included file '/fetools/synopsys/installed_tools/vcs/vcs/Q-2020.03-SP2-8/etc/uvm/tlm2/uvm_tlm2_sockets.svh'.
Back to file '/fetools/synopsys/installed_tools/vcs/vcs/Q-2020.03-SP2-8/etc/uvm/tlm2/uvm_tlm2.svh'.
Back to file '/fetools/synopsys/installed_tools/vcs/vcs/Q-2020.03-SP2-8/etc/uvm/uvm_pkg.sv'.
Parsing included file '/fetools/synopsys/installed_tools/vcs/vcs/Q-2020.03-SP2-8/etc/uvm/reg/uvm_reg_model.svh'.
Parsing included file '/fetools/synopsys/installed_tools/vcs/vcs/Q-2020.03-SP2-8/etc/uvm/reg/uvm_reg_item.svh'.
Back to file '/fetools/synopsys/installed_tools/vcs/vcs/Q-2020.03-SP2-8/etc/uvm/reg/uvm_reg_model.svh'.
Parsing included file '/fetools/synopsys/installed_tools/vcs/vcs/Q-2020.03-SP2-8/etc/uvm/reg/uvm_reg_adapter.svh'.
Back to file '/fetools/synopsys/installed_tools/vcs/vcs/Q-2020.03-SP2-8/etc/uvm/reg/uvm_reg_model.svh'.
Parsing included file '/fetools/synopsys/installed_tools/vcs/vcs/Q-2020.03-SP2-8/etc/uvm/reg/uvm_reg_predictor.svh'.
Back to file '/fetools/synopsys/installed_tools/vcs/vcs/Q-2020.03-SP2-8/etc/uvm/reg/uvm_reg_model.svh'.
Parsing included file '/fetools/synopsys/installed_tools/vcs/vcs/Q-2020.03-SP2-8/etc/uvm/reg/uvm_reg_sequence.svh'.
Back to file '/fetools/synopsys/installed_tools/vcs/vcs/Q-2020.03-SP2-8/etc/uvm/reg/uvm_reg_model.svh'.
Parsing included file '/fetools/synopsys/installed_tools/vcs/vcs/Q-2020.03-SP2-8/etc/uvm/reg/uvm_reg_cbs.svh'.
Back to file '/fetools/synopsys/installed_tools/vcs/vcs/Q-2020.03-SP2-8/etc/uvm/reg/uvm_reg_model.svh'.
Parsing included file '/fetools/synopsys/installed_tools/vcs/vcs/Q-2020.03-SP2-8/etc/uvm/reg/uvm_reg_backdoor.svh'.
Back to file '/fetools/synopsys/installed_tools/vcs/vcs/Q-2020.03-SP2-8/etc/uvm/reg/uvm_reg_model.svh'.
Parsing included file '/fetools/synopsys/installed_tools/vcs/vcs/Q-2020.03-SP2-8/etc/uvm/reg/uvm_reg_field.svh'.
Back to file '/fetools/synopsys/installed_tools/vcs/vcs/Q-2020.03-SP2-8/etc/uvm/reg/uvm_reg_model.svh'.
Parsing included file '/fetools/synopsys/installed_tools/vcs/vcs/Q-2020.03-SP2-8/etc/uvm/reg/uvm_vreg_field.svh'.
Back to file '/fetools/synopsys/installed_tools/vcs/vcs/Q-2020.03-SP2-8/etc/uvm/reg/uvm_reg_model.svh'.
Parsing included file '/fetools/synopsys/installed_tools/vcs/vcs/Q-2020.03-SP2-8/etc/uvm/reg/uvm_reg.svh'.
Back to file '/fetools/synopsys/installed_tools/vcs/vcs/Q-2020.03-SP2-8/etc/uvm/reg/uvm_reg_model.svh'.
Parsing included file '/fetools/synopsys/installed_tools/vcs/vcs/Q-2020.03-SP2-8/etc/uvm/reg/uvm_reg_indirect.svh'.
Back to file '/fetools/synopsys/installed_tools/vcs/vcs/Q-2020.03-SP2-8/etc/uvm/reg/uvm_reg_model.svh'.
Parsing included file '/fetools/synopsys/installed_tools/vcs/vcs/Q-2020.03-SP2-8/etc/uvm/reg/uvm_reg_fifo.svh'.
Back to file '/fetools/synopsys/installed_tools/vcs/vcs/Q-2020.03-SP2-8/etc/uvm/reg/uvm_reg_model.svh'.
Parsing included file '/fetools/synopsys/installed_tools/vcs/vcs/Q-2020.03-SP2-8/etc/uvm/reg/uvm_reg_file.svh'.
Back to file '/fetools/synopsys/installed_tools/vcs/vcs/Q-2020.03-SP2-8/etc/uvm/reg/uvm_reg_model.svh'.
Parsing included file '/fetools/synopsys/installed_tools/vcs/vcs/Q-2020.03-SP2-8/etc/uvm/reg/uvm_mem_mam.svh'.
Back to file '/fetools/synopsys/installed_tools/vcs/vcs/Q-2020.03-SP2-8/etc/uvm/reg/uvm_reg_model.svh'.
Parsing included file '/fetools/synopsys/installed_tools/vcs/vcs/Q-2020.03-SP2-8/etc/uvm/reg/uvm_vreg.svh'.
Back to file '/fetools/synopsys/installed_tools/vcs/vcs/Q-2020.03-SP2-8/etc/uvm/reg/uvm_reg_model.svh'.
Parsing included file '/fetools/synopsys/installed_tools/vcs/vcs/Q-2020.03-SP2-8/etc/uvm/reg/uvm_mem.svh'.
Back to file '/fetools/synopsys/installed_tools/vcs/vcs/Q-2020.03-SP2-8/etc/uvm/reg/uvm_reg_model.svh'.
Parsing included file '/fetools/synopsys/installed_tools/vcs/vcs/Q-2020.03-SP2-8/etc/uvm/reg/uvm_reg_map.svh'.
Back to file '/fetools/synopsys/installed_tools/vcs/vcs/Q-2020.03-SP2-8/etc/uvm/reg/uvm_reg_model.svh'.
Parsing included file '/fetools/synopsys/installed_tools/vcs/vcs/Q-2020.03-SP2-8/etc/uvm/reg/uvm_reg_block.svh'.
Back to file '/fetools/synopsys/installed_tools/vcs/vcs/Q-2020.03-SP2-8/etc/uvm/reg/uvm_reg_model.svh'.
Parsing included file '/fetools/synopsys/installed_tools/vcs/vcs/Q-2020.03-SP2-8/etc/uvm/reg/sequences/uvm_reg_hw_reset_seq.svh'.
Back to file '/fetools/synopsys/installed_tools/vcs/vcs/Q-2020.03-SP2-8/etc/uvm/reg/uvm_reg_model.svh'.
Parsing included file '/fetools/synopsys/installed_tools/vcs/vcs/Q-2020.03-SP2-8/etc/uvm/reg/sequences/uvm_reg_bit_bash_seq.svh'.
Back to file '/fetools/synopsys/installed_tools/vcs/vcs/Q-2020.03-SP2-8/etc/uvm/reg/uvm_reg_model.svh'.
Parsing included file '/fetools/synopsys/installed_tools/vcs/vcs/Q-2020.03-SP2-8/etc/uvm/reg/sequences/uvm_mem_walk_seq.svh'.
Back to file '/fetools/synopsys/installed_tools/vcs/vcs/Q-2020.03-SP2-8/etc/uvm/reg/uvm_reg_model.svh'.
Parsing included file '/fetools/synopsys/installed_tools/vcs/vcs/Q-2020.03-SP2-8/etc/uvm/reg/sequences/uvm_mem_access_seq.svh'.
Back to file '/fetools/synopsys/installed_tools/vcs/vcs/Q-2020.03-SP2-8/etc/uvm/reg/uvm_reg_model.svh'.
Parsing included file '/fetools/synopsys/installed_tools/vcs/vcs/Q-2020.03-SP2-8/etc/uvm/reg/sequences/uvm_reg_access_seq.svh'.
Back to file '/fetools/synopsys/installed_tools/vcs/vcs/Q-2020.03-SP2-8/etc/uvm/reg/uvm_reg_model.svh'.
Parsing included file '/fetools/synopsys/installed_tools/vcs/vcs/Q-2020.03-SP2-8/etc/uvm/reg/sequences/uvm_reg_mem_shared_access_seq.svh'.
Back to file '/fetools/synopsys/installed_tools/vcs/vcs/Q-2020.03-SP2-8/etc/uvm/reg/uvm_reg_model.svh'.
Parsing included file '/fetools/synopsys/installed_tools/vcs/vcs/Q-2020.03-SP2-8/etc/uvm/reg/sequences/uvm_reg_mem_built_in_seq.svh'.
Back to file '/fetools/synopsys/installed_tools/vcs/vcs/Q-2020.03-SP2-8/etc/uvm/reg/uvm_reg_model.svh'.
Parsing included file '/fetools/synopsys/installed_tools/vcs/vcs/Q-2020.03-SP2-8/etc/uvm/reg/sequences/uvm_reg_mem_hdl_paths_seq.svh'.
Back to file '/fetools/synopsys/installed_tools/vcs/vcs/Q-2020.03-SP2-8/etc/uvm/reg/uvm_reg_model.svh'.
Parsing included file '/fetools/synopsys/installed_tools/vcs/vcs/Q-2020.03-SP2-8/etc/uvm/reg/snps_uvm_reg_bank.svh'.
Back to file '/fetools/synopsys/installed_tools/vcs/vcs/Q-2020.03-SP2-8/etc/uvm/reg/uvm_reg_model.svh'.
Back to file '/fetools/synopsys/installed_tools/vcs/vcs/Q-2020.03-SP2-8/etc/uvm/uvm_pkg.sv'.
Parsing included file '/fetools/synopsys/installed_tools/vcs/vcs/Q-2020.03-SP2-8/etc/uvm/vcs/vcs_uvm_alt.sv'.
Back to file '/fetools/synopsys/installed_tools/vcs/vcs/Q-2020.03-SP2-8/etc/uvm/uvm_pkg.sv'.
Parsing design file '/fetools/synopsys/installed_tools/vcs/vcs/Q-2020.03-SP2-8/etc/uvm/vcs/uvm_custom_install_vcs_recorder.sv'
Parsing included file '/fetools/synopsys/installed_tools/vcs/vcs/Q-2020.03-SP2-8/etc/uvm/vcs/msglog.svh'.
Back to file '/fetools/synopsys/installed_tools/vcs/vcs/Q-2020.03-SP2-8/etc/uvm/vcs/uvm_custom_install_vcs_recorder.sv'.
Parsing included file '/fetools/synopsys/installed_tools/vcs/vcs/Q-2020.03-SP2-8/etc/uvm/vcs/uvm_msglog_report_server.sv'.
Back to file '/fetools/synopsys/installed_tools/vcs/vcs/Q-2020.03-SP2-8/etc/uvm/vcs/uvm_custom_install_vcs_recorder.sv'.
Parsing included file '/fetools/synopsys/installed_tools/vcs/vcs/Q-2020.03-SP2-8/etc/uvm/vcs/uvm_vcs_recorder.svh'.
Back to file '/fetools/synopsys/installed_tools/vcs/vcs/Q-2020.03-SP2-8/etc/uvm/vcs/uvm_custom_install_vcs_recorder.sv'.
Parsing included file '/fetools/synopsys/installed_tools/vcs/vcs/Q-2020.03-SP2-8/etc/uvm/vcs/uvm_vcs_record_interface.sv'.
Back to file '/fetools/synopsys/installed_tools/vcs/vcs/Q-2020.03-SP2-8/etc/uvm/vcs/uvm_custom_install_vcs_recorder.sv'.
Parsing design file '/fetools/synopsys/installed_tools/vcs/vcs/Q-2020.03-SP2-8/etc/uvm/verdi/uvm_custom_install_verdi_recorder.sv'
Parsing included file '/fetools/synopsys/installed_tools/vcs/vcs/Q-2020.03-SP2-8/etc/uvm/uvm_macros.svh'.
Back to file '/fetools/synopsys/installed_tools/vcs/vcs/Q-2020.03-SP2-8/etc/uvm/verdi/uvm_custom_install_verdi_recorder.sv'.
Parsing included file '/fetools/synopsys/installed_tools/vcs/vcs/Q-2020.03-SP2-8/etc/uvm/verdi/uvm_verdi_recorder.svh'.
Parsing included file '/fetools/synopsys/installed_tools/vcs/vcs/Q-2020.03-SP2-8/etc/uvm/verdi/uvm_verdi_pli_base.svh'.
Back to file '/fetools/synopsys/installed_tools/vcs/vcs/Q-2020.03-SP2-8/etc/uvm/verdi/uvm_verdi_recorder.svh'.
Back to file '/fetools/synopsys/installed_tools/vcs/vcs/Q-2020.03-SP2-8/etc/uvm/verdi/uvm_custom_install_verdi_recorder.sv'.
Parsing included file '/fetools/synopsys/installed_tools/vcs/vcs/Q-2020.03-SP2-8/etc/uvm/verdi/uvm_verdi_reg_map_recording.sv'.
Back to file '/fetools/synopsys/installed_tools/vcs/vcs/Q-2020.03-SP2-8/etc/uvm/verdi/uvm_custom_install_verdi_recorder.sv'.
Parsing included file '/fetools/synopsys/installed_tools/vcs/vcs/Q-2020.03-SP2-8/etc/uvm/verdi/uvm_verdi_message_catcher.svh'.
Parsing included file '/fetools/synopsys/installed_tools/vcs/vcs/Q-2020.03-SP2-8/etc/uvm/verdi/uvm_verdi_pli_base.svh'.
Back to file '/fetools/synopsys/installed_tools/vcs/vcs/Q-2020.03-SP2-8/etc/uvm/verdi/uvm_verdi_message_catcher.svh'.
Back to file '/fetools/synopsys/installed_tools/vcs/vcs/Q-2020.03-SP2-8/etc/uvm/verdi/uvm_custom_install_verdi_recorder.sv'.
Parsing included file '/fetools/synopsys/installed_tools/vcs/vcs/Q-2020.03-SP2-8/etc/uvm/verdi/./dpi/uvm_verdi_dpi.svh'.
Back to file '/fetools/synopsys/installed_tools/vcs/vcs/Q-2020.03-SP2-8/etc/uvm/verdi/uvm_custom_install_verdi_recorder.sv'.
Parsing included file '/fetools/synopsys/installed_tools/vcs/vcs/Q-2020.03-SP2-8/etc/uvm/verdi/uvm_verdi_reg_recording.sv'.
Back to file '/fetools/synopsys/installed_tools/vcs/vcs/Q-2020.03-SP2-8/etc/uvm/verdi/uvm_custom_install_verdi_recorder.sv'.
Parsing included file '/fetools/synopsys/installed_tools/verdi/verdi/Q-2020.03-SP2-8/share/PLI/VCS/include/verdi_trans_recorder_dpi.svh'.
Back to file '/fetools/synopsys/installed_tools/vcs/vcs/Q-2020.03-SP2-8/etc/uvm/verdi/uvm_custom_install_verdi_recorder.sv'.
Parsing included file '/fetools/synopsys/installed_tools/vcs/vcs/Q-2020.03-SP2-8/etc/uvm/verdi/uvm_verdi_pli.svh'.
Back to file '/fetools/synopsys/installed_tools/vcs/vcs/Q-2020.03-SP2-8/etc/uvm/verdi/uvm_custom_install_verdi_recorder.sv'.
Parsing design file '/fetools/synopsys/installed_tools/vcs/vcs/Q-2020.03-SP2-8/etc/uvm/verdi/uvm_custom_install_verdi_recorder.sv'
Parsing design file 'src/tb/include/define.svh'
Parsing design file 'src/tb/include/axi_interface.sv'
Parsing design file 'src/design/axi_design.sv'
Parsing design file 'src/tb/top/axi_package.sv'
Parsing included file 'src/tb/include/define.svh'.
Back to file 'src/tb/top/axi_package.sv'.
Parsing included file '/fetools/synopsys/installed_tools/vcs/vcs/Q-2020.03-SP2-8/etc/uvm/uvm_macros.svh'.
Back to file 'src/tb/top/axi_package.sv'.
Parsing included file 'src/tb/agent/axi_trans.sv'.
Back to file 'src/tb/top/axi_package.sv'.
Parsing included file 'src/tb/sequences/axi_base_sequence.sv'.
Back to file 'src/tb/top/axi_package.sv'.
Parsing included file 'src/tb/sequences/axi_sanity_test.sv'.
Back to file 'src/tb/top/axi_package.sv'.
Parsing included file 'src/tb/sequences/axi_b2b_write.sv'.
Back to file 'src/tb/top/axi_package.sv'.
Parsing included file 'src/tb/sequences/axi_b2b_read.sv'.
Back to file 'src/tb/top/axi_package.sv'.
Parsing included file 'src/tb/sequences/axi_write_read_seq.sv'.
Back to file 'src/tb/top/axi_package.sv'.
Parsing included file 'src/tb/sequences/axi_slv_err.sv'.
Back to file 'src/tb/top/axi_package.sv'.
Parsing included file 'src/tb/sequences/axi_dec_err.sv'.
Back to file 'src/tb/top/axi_package.sv'.
Parsing included file 'src/tb/sequences/axi_unaligned_seq.sv'.
Back to file 'src/tb/top/axi_package.sv'.
Parsing included file 'src/tb/sequences/axi_wstrb_seq.sv'.
Back to file 'src/tb/top/axi_package.sv'.
Parsing included file 'src/tb/sequences/axi_corner_data_seq.sv'.
Back to file 'src/tb/top/axi_package.sv'.
Parsing included file 'src/tb/sequences/axi_negative_test.sv'.
Back to file 'src/tb/top/axi_package.sv'.
Parsing included file 'src/tb/agent/axi_sequencer.sv'.
Back to file 'src/tb/top/axi_package.sv'.
Parsing included file 'src/tb/agent/axi_driver.sv'.
Back to file 'src/tb/top/axi_package.sv'.
Parsing included file 'src/tb/agent/axi_override_driver.sv'.
Back to file 'src/tb/top/axi_package.sv'.
Parsing included file 'src/tb/agent/axi_input_monitor.sv'.
Back to file 'src/tb/top/axi_package.sv'.
Parsing included file 'src/tb/agent/axi_out_monitor.sv'.
Back to file 'src/tb/top/axi_package.sv'.
Parsing included file 'src/tb/agent/axi_active_agent.sv'.
Back to file 'src/tb/top/axi_package.sv'.
Parsing included file 'src/tb/env/axi_scoreboard.sv'.
Back to file 'src/tb/top/axi_package.sv'.
Parsing included file 'src/tb/env/axi_subscriber.sv'.
Back to file 'src/tb/top/axi_package.sv'.
Parsing included file 'src/tb/env/axi_env.sv'.
Back to file 'src/tb/top/axi_package.sv'.
Parsing included file 'src/tb/tests/axi_test.sv'.
Back to file 'src/tb/top/axi_package.sv'.
Parsing design file 'src/tb/top/axi_top.sv'
Parsing included file '/fetools/synopsys/installed_tools/vcs/vcs/Q-2020.03-SP2-8/etc/uvm/uvm_macros.svh'.
Back to file 'src/tb/top/axi_top.sv'.
Top Level Modules:
       uvm_custom_install_recording
       uvm_custom_install_verdi_recording
       axi_top
TimeScale is 1 ns / 1 ns

Warning-[CM-HIER-FNF] File not found
  The file 'cov_hier.cfg' (given by '-cm_hier' option) does not exist.
  The option will be ignored. Please make sure that the file exists.

VCS Coverage Metrics Release Q-2020.03-SP2-8_Full64 Copyright (c) 1991-2020 by Synopsys Inc.
Starting vcs inline pass...
10 modules and 0 UDP read.
recompiling package axi_pkg
	However, due to incremental compilation, only 1 module needs to be compiled. 
make[1]: Entering directory `/fetools/work_area/frontend/Batch_11/Kittu_Patel/UVM/Project/AXI/csrc' \

rm -f _cuarc*.so _csrc*.so pre_vcsobj_*.so share_vcsobj_*.so
ld -shared  -Bsymbolic   -o .//../simv.daidir//_cuarc0.so objs/amcQw_d.o 
rm -f _cuarc0.so
if [ -x ../simv ]; then chmod a-x ../simv; fi
g++  -o ../simv      -rdynamic  -Wl,-rpath='$ORIGIN'/simv.daidir -Wl,-rpath=./simv.daidir \
-Wl,-rpath=/fetools/synopsys/installed_tools/vcs/vcs/Q-2020.03-SP2-8/linux64/lib \
-L/fetools/synopsys/installed_tools/vcs/vcs/Q-2020.03-SP2-8/linux64/lib  -Wl,-rpath-link=./ \
/usr/lib64/libnuma.so.1 uvm_dpi.o uvm_verdi_dpi.o     _183989_archive_1.so _prev_archive_1.so \
_cuarc0.so  SIM_l.o      rmapats_mop.o rmapats.o rmar.o rmar_nd.o  rmar_llvm_0_1.o \
rmar_llvm_0_0.o          -lvirsim -lerrorinf -lsnpsmalloc -lvfs    -lvcsnew -lsimprofile \
-lreader_common /fetools/synopsys/installed_tools/vcs/vcs/Q-2020.03-SP2-8/linux64/lib/libBA.a \
-luclinative /fetools/synopsys/installed_tools/vcs/vcs/Q-2020.03-SP2-8/linux64/lib/vcs_tls.o \
-Wl,-whole-archive  -lvcsucli    -Wl,-no-whole-archive       ./../simv.daidir/vc_hdrs.o \
_vcs_pli_stub_.o   /fetools/synopsys/installed_tools/vcs/vcs/Q-2020.03-SP2-8/linux64/lib/vcs_save_restore_new.o \
/fetools/synopsys/installed_tools/verdi/verdi/Q-2020.03-SP2-8/share/PLI/VCS/LINUX64/pli.a \
-ldl  -lc -lm -lpthread -ldl 
../simv up to date
make[1]: Leaving directory `/fetools/work_area/frontend/Batch_11/Kittu_Patel/UVM/Project/AXI/csrc' \

CPU time: 10.176 seconds to compile + .412 seconds to elab + .673 seconds to link
