========================================================================================
                               REGRESSION SUMMARY REPORT                                
========================================================================================
TEST NAME              SEED   STATUS   WR COV       RD COV       LOG FILE                 
----------------------------------------------------------------------------------------
axi_sanity_test        1      PASSED   52.08%       71.53%       regression_logs/axi_sanity_test_seed_1.log
axi_sanity_test        2      PASSED   52.08%       73.61%       regression_logs/axi_sanity_test_seed_2.log
axi_b2b_write_test     1      PASSED   52.08%       0.00%        regression_logs/axi_b2b_write_test_seed_1.log
axi_b2b_write_test     2      PASSED   53.65%       0.00%        regression_logs/axi_b2b_write_test_seed_2.log
axi_slv_err_test       1      PASSED   39.58%       48.61%       regression_logs/axi_slv_err_test_seed_1.log
axi_slv_err_test       2      PASSED   39.58%       48.61%       regression_logs/axi_slv_err_test_seed_2.log
axi_dec_err_test       1      PASSED   42.71%       56.94%       regression_logs/axi_dec_err_test_seed_1.log
axi_dec_err_test       2      PASSED   45.83%       61.11%       regression_logs/axi_dec_err_test_seed_2.log
axi_unaligned_test     1      PASSED   47.40%       61.11%       regression_logs/axi_unaligned_test_seed_1.log
axi_unaligned_test     2      PASSED   47.40%       61.11%       regression_logs/axi_unaligned_test_seed_2.log
axi_wstrb_test         1      PASSED   70.83%       46.53%       regression_logs/axi_wstrb_test_seed_1.log
axi_wstrb_test         2      PASSED   73.96%       46.53%       regression_logs/axi_wstrb_test_seed_2.log
axi_corner_data_test   1      PASSED   36.46%       65.28%       regression_logs/axi_corner_data_test_seed_1.log
axi_corner_data_test   2      PASSED   36.46%       65.28%       regression_logs/axi_corner_data_test_seed_2.log
axi_negative_test      1      PASSED   39.58%       50.69%       regression_logs/axi_negative_test_seed_1.log
axi_negative_test      2      PASSED   39.58%       50.69%       regression_logs/axi_negative_test_seed_2.log
========================================================================================
