Command: /fetools/work_area/frontend/Batch_11/Kittu_Patel/UVM/Project/AXI/./simv -cm line+cond+fsm+tgl+branch -cm_dir ./cm.vdb -assert nopostproc +UVM_TESTNAME=axi_sanity_test +UVM_VERBOSITY=UVM_LOW +UVM_TIMEOUT=2000000 -l sanity.log +define+UVM_DIRECTC_OPTS
Chronologic VCS simulator copyright 1991-2020
Contains Synopsys proprietary information.
Compiler version Q-2020.03-SP2-8_Full64; Runtime version Q-2020.03-SP2-8_Full64;  Sep 17 11:08 2026
----------------------------------------------------------------
UVM-1.1d.Synopsys
(C) 2007-2013 Mentor Graphics Corporation
(C) 2007-2013 Cadence Design Systems, Inc.
(C) 2006-2013 Synopsys, Inc.
(C) 2011-2013 Cypress Semiconductor Corp.
----------------------------------------------------------------

  ***********       IMPORTANT RELEASE NOTES         ************

  You are using a version of the UVM library that has been compiled
  with `UVM_NO_DEPRECATED undefined.
  See http://www.eda.org/svdb/view.php?id=3313 for more details.

  You are using a version of the UVM library that has been compiled
  with `UVM_OBJECT_MUST_HAVE_CONSTRUCTOR undefined.
  See http://www.eda.org/svdb/view.php?id=3770 for more details.

      (Specify +UVM_NO_RELNOTES to turn off this notice)

UVM_INFO @ 0: reporter [RNTST] Running test axi_sanity_test...
UVM_INFO @ 0: reporter [TIMOUTSET] '+UVM_TIMEOUT=2000000' provided on the command line is being applied.
UVM_INFO @ 0: reporter [UVMTOP] UVM testbench topology:
------------------------------------------------------------------
Name                       Type                        Size  Value
------------------------------------------------------------------
uvm_test_top               axi_sanity_test             -     @461 
  env                      axi_env                     -     @469 
    agt                    axi_act_agent               -     @477 
      drv                  axi_driver                  -     @751 
        rd_item_port       uvm_seq_item_pull_port      -     @777 
        rsp_port           uvm_analysis_port           -     @768 
        seq_item_port      uvm_seq_item_pull_port      -     @759 
      mon                  axi_monitor                 -     @786 
        read_ap            uvm_analysis_port           -     @804 
        write_ap           uvm_analysis_port           -     @795 
      rd_sqr               axi_sequencer               -     @628 
        rsp_export         uvm_analysis_export         -     @636 
        seq_item_export    uvm_seq_item_pull_imp       -     @742 
        arbitration_queue  array                       0     -    
        lock_queue         array                       0     -    
        num_last_reqs      integral                    32    'd1  
        num_last_rsps      integral                    32    'd1  
      wr_sqr               axi_sequencer               -     @505 
        rsp_export         uvm_analysis_export         -     @513 
        seq_item_export    uvm_seq_item_pull_imp       -     @619 
        arbitration_queue  array                       0     -    
        lock_queue         array                       0     -    
        num_last_reqs      integral                    32    'd1  
        num_last_rsps      integral                    32    'd1  
    cov                    axi_sub                     -     @493 
      read_export          uvm_analysis_imp_cov_read   -     @833 
      write_export         uvm_analysis_imp_cov_write  -     @824 
    scb                    axi_scb                     -     @485 
      read_export          uvm_analysis_imp_read_txn   -     @851 
      write_export         uvm_analysis_imp_write_txn  -     @842 
------------------------------------------------------------------

UVM_INFO axi_sanity_test.sv(14) @ 0: uvm_test_top.env.agt.wr_sqr@@wr_seq [AXI_SANITY_WR] Starting Sanity Write Sequence
UVM_INFO axi_top.sv(25) @ 15: reporter [TESTBENCH] Reset released
UVM_INFO axi_sanity_test.sv(27) @ 525: uvm_test_top.env.agt.wr_sqr@@wr_seq [AXI_SANITY_WR] Sanity Write Sequence Complete
UVM_INFO axi_sanity_test.sv(43) @ 525: uvm_test_top.env.agt.rd_sqr@@rd_seq [AXI_SANITY_RD] Starting Sanity Read Sequence
UVM_INFO axi_sanity_test.sv(56) @ 825: uvm_test_top.env.agt.rd_sqr@@rd_seq [AXI_SANITY_RD] Sanity Read Sequence Complete
UVM_INFO /fetools/synopsys/installed_tools/vcs/vcs/Q-2020.03-SP2-8/etc/uvm/base/uvm_objection.svh(1274) @ 825: reporter [TEST_DONE] 'run' phase is ready to proceed to the 'extract' phase
UVM_INFO axi_subscriber.sv(117) @ 825: uvm_test_top.env.cov [AXI_COVERAGE] 
============ COVERAGE SUMMARY ============
  Write Coverage : 20.28%
  Read  Coverage : 38.33%
=============================================
UVM_INFO axi_scoreboard.sv(145) @ 825: uvm_test_top.env.scb [AXI_SCOREBOARD] 
============ SCOREBOARD SUMMARY ============
  Total Writes  : 10
  Total Reads   : 10
  Total Pass    : 20
  Total Fail    : 0
=============================================
UVM_INFO axi_scoreboard.sv(151) @ 825: uvm_test_top.env.scb [AXI_SCOREBOARD] ALL CHECKS PASSED
UVM_INFO axi_test.sv(36) @ 825: uvm_test_top [AXI_TEST] 
*** TEST PASSED ***

--- UVM Report Summary ---

** Report counts by severity
UVM_INFO :   13
UVM_WARNING :    0
UVM_ERROR :    0
UVM_FATAL :    0
** Report counts by id
[AXI_COVERAGE]     1
[AXI_SANITY_RD]     2
[AXI_SANITY_WR]     2
[AXI_SCOREBOARD]     2
[AXI_TEST]     1
[RNTST]     1
[TESTBENCH]     1
[TEST_DONE]     1
[TIMOUTSET]     1
[UVMTOP]     1
$finish called from file "/fetools/synopsys/installed_tools/vcs/vcs/Q-2020.03-SP2-8/etc/uvm/base/uvm_root.svh", line 437.
$finish at simulation time                  825

---------------------------------------------------------------------------
VCS Coverage Metrics: during simulation line, cond, FSM, branch, tgl was monitored
---------------------------------------------------------------------------
           V C S   S i m u l a t i o n   R e p o r t 
Time: 825
CPU Time:      0.560 seconds;       Data structure size:   0.4Mb
Thu Sep 17 11:08:49 2026
